2021-01-14 14:20:32.215  INFO 2802 --- [restartedMain] css.project.study.StudyApplication       : Starting StudyApplication using Java 11.0.9 on chadaeng.local with PID 2802 (/Users/chasungsoo/study/study/build/classes/java/main started by chasungsoo in /Users/chasungsoo/study/study)
2021-01-14 14:20:32.217  INFO 2802 --- [restartedMain] css.project.study.StudyApplication       : The following profiles are active: dev
2021-01-14 14:20:32.245  INFO 2802 --- [restartedMain] .e.DevToolsPropertyDefaultsPostProcessor : Devtools property defaults active! Set 'spring.devtools.add-properties' to 'false' to disable
2021-01-14 14:20:32.245  INFO 2802 --- [restartedMain] .e.DevToolsPropertyDefaultsPostProcessor : For additional web related logging consider setting the 'logging.level.web' property to 'DEBUG'
2021-01-14 14:20:32.603  INFO 2802 --- [restartedMain] .s.d.r.c.RepositoryConfigurationDelegate : Bootstrapping Spring Data JPA repositories in DEFAULT mode.
2021-01-14 14:20:32.610  INFO 2802 --- [restartedMain] .s.d.r.c.RepositoryConfigurationDelegate : Finished Spring Data repository scanning in 3 ms. Found 0 JPA repository interfaces.
2021-01-14 14:20:32.899  INFO 2802 --- [restartedMain] o.s.b.w.embedded.tomcat.TomcatWebServer  : Tomcat initialized with port(s): 8080 (http)
2021-01-14 14:20:32.904  INFO 2802 --- [restartedMain] o.apache.catalina.core.StandardService   : Starting service [Tomcat]
2021-01-14 14:20:32.905  INFO 2802 --- [restartedMain] org.apache.catalina.core.StandardEngine  : Starting Servlet engine: [Apache Tomcat/9.0.41]
2021-01-14 14:20:32.970  INFO 2802 --- [restartedMain] o.a.c.c.C.[Tomcat].[localhost].[/]       : Initializing Spring embedded WebApplicationContext
2021-01-14 14:20:32.971  INFO 2802 --- [restartedMain] w.s.c.ServletWebServerApplicationContext : Root WebApplicationContext: initialization completed in 724 ms
2021-01-14 14:20:33.087  INFO 2802 --- [restartedMain] o.hibernate.jpa.internal.util.LogHelper  : HHH000204: Processing PersistenceUnitInfo [name: default]
2021-01-14 14:20:33.114  INFO 2802 --- [restartedMain] org.hibernate.Version                    : HHH000412: Hibernate ORM core version 5.4.25.Final
2021-01-14 14:20:33.182  INFO 2802 --- [restartedMain] o.hibernate.annotations.common.Version   : HCANN000001: Hibernate Commons Annotations {5.1.2.Final}
2021-01-14 14:20:33.234  INFO 2802 --- [restartedMain] com.zaxxer.hikari.HikariDataSource       : HikariPool-1 - Starting...
2021-01-14 14:20:33.554  INFO 2802 --- [restartedMain] com.zaxxer.hikari.HikariDataSource       : HikariPool-1 - Start completed.
2021-01-14 14:20:33.569  INFO 2802 --- [restartedMain] org.hibernate.dialect.Dialect            : HHH000400: Using dialect: org.hibernate.dialect.MySQL8Dialect
2021-01-14 14:20:33.716  INFO 2802 --- [restartedMain] o.h.e.t.j.p.i.JtaPlatformInitiator       : HHH000490: Using JtaPlatform implementation: [org.hibernate.engine.transaction.jta.platform.internal.NoJtaPlatform]
2021-01-14 14:20:33.724  INFO 2802 --- [restartedMain] j.LocalContainerEntityManagerFactoryBean : Initialized JPA EntityManagerFactory for persistence unit 'default'
2021-01-14 14:20:33.751  INFO 2802 --- [restartedMain] o.s.b.d.a.OptionalLiveReloadServer       : LiveReload server is running on port 35729
2021-01-14 14:20:33.784  WARN 2802 --- [restartedMain] JpaBaseConfiguration$JpaWebConfiguration : spring.jpa.open-in-view is enabled by default. Therefore, database queries may be performed during view rendering. Explicitly configure spring.jpa.open-in-view to disable this warning
2021-01-14 14:20:33.864  INFO 2802 --- [restartedMain] o.s.s.concurrent.ThreadPoolTaskExecutor  : Initializing ExecutorService 'applicationTaskExecutor'
2021-01-14 14:20:34.028  INFO 2802 --- [restartedMain] o.s.b.w.embedded.tomcat.TomcatWebServer  : Tomcat started on port(s): 8080 (http) with context path ''
2021-01-14 14:20:34.038  INFO 2802 --- [restartedMain] css.project.study.StudyApplication       : Started StudyApplication in 2.085 seconds (JVM running for 2.542)
2021-01-14 14:21:01.657  WARN 2802 --- [HikariPool-1 housekeeper] com.zaxxer.hikari.pool.HikariPool        : HikariPool-1 - Retrograde clock change detected (housekeeper delta=28s), soft-evicting connections from pool.
2021-01-14 14:30:23.281  INFO 2802 --- [SpringContextShutdownHook] o.s.s.concurrent.ThreadPoolTaskExecutor  : Shutting down ExecutorService 'applicationTaskExecutor'
2021-01-14 14:30:23.281  INFO 2802 --- [SpringContextShutdownHook] j.LocalContainerEntityManagerFactoryBean : Closing JPA EntityManagerFactory for persistence unit 'default'
2021-01-14 14:30:23.285  INFO 2802 --- [SpringContextShutdownHook] com.zaxxer.hikari.HikariDataSource       : HikariPool-1 - Shutdown initiated...
2021-01-14 14:30:23.321  INFO 2802 --- [SpringContextShutdownHook] com.zaxxer.hikari.HikariDataSource       : HikariPool-1 - Shutdown completed.
2021-01-14 14:30:50.588  INFO 2984 --- [restartedMain] css.project.study.StudyApplication       : Starting StudyApplication using Java 11.0.9 on chadaeng.local with PID 2984 (/Users/chasungsoo/study/study/build/classes/java/main started by chasungsoo in /Users/chasungsoo/study/study)
2021-01-14 14:30:50.590  INFO 2984 --- [restartedMain] css.project.study.StudyApplication       : The following profiles are active: kor
2021-01-14 14:30:50.620  WARN 2984 --- [restartedMain] o.s.b.c.config.ConfigDataEnvironment     : Property 'spring.profiles' imported from location 'class path resource [application.yml]' is invalid and should be replaced with 'spring.config.activate.on-profile' [origin: class path resource [application.yml] - 28:13]
2021-01-14 14:30:50.620  WARN 2984 --- [restartedMain] o.s.b.c.config.ConfigDataEnvironment     : Property 'spring.profiles' imported from location 'class path resource [application.yml]' is invalid and should be replaced with 'spring.config.activate.on-profile' [origin: class path resource [application.yml] - 18:13]
2021-01-14 14:30:50.621  INFO 2984 --- [restartedMain] .e.DevToolsPropertyDefaultsPostProcessor : Devtools property defaults active! Set 'spring.devtools.add-properties' to 'false' to disable
2021-01-14 14:30:50.621  INFO 2984 --- [restartedMain] .e.DevToolsPropertyDefaultsPostProcessor : For additional web related logging consider setting the 'logging.level.web' property to 'DEBUG'
2021-01-14 14:30:51.030  INFO 2984 --- [restartedMain] .s.d.r.c.RepositoryConfigurationDelegate : Bootstrapping Spring Data JPA repositories in DEFAULT mode.
2021-01-14 14:30:51.043  INFO 2984 --- [restartedMain] .s.d.r.c.RepositoryConfigurationDelegate : Finished Spring Data repository scanning in 4 ms. Found 0 JPA repository interfaces.
2021-01-14 14:30:51.409  INFO 2984 --- [restartedMain] o.s.b.w.embedded.tomcat.TomcatWebServer  : Tomcat initialized with port(s): 8080 (http)
2021-01-14 14:30:51.417  INFO 2984 --- [restartedMain] o.apache.catalina.core.StandardService   : Starting service [Tomcat]
2021-01-14 14:30:51.417  INFO 2984 --- [restartedMain] org.apache.catalina.core.StandardEngine  : Starting Servlet engine: [Apache Tomcat/9.0.41]
2021-01-14 14:30:51.465  INFO 2984 --- [restartedMain] o.a.c.c.C.[Tomcat].[localhost].[/]       : Initializing Spring embedded WebApplicationContext
2021-01-14 14:30:51.465  INFO 2984 --- [restartedMain] w.s.c.ServletWebServerApplicationContext : Root WebApplicationContext: initialization completed in 843 ms
2021-01-14 14:30:51.600  INFO 2984 --- [restartedMain] o.hibernate.jpa.internal.util.LogHelper  : HHH000204: Processing PersistenceUnitInfo [name: default]
2021-01-14 14:30:51.634  INFO 2984 --- [restartedMain] org.hibernate.Version                    : HHH000412: Hibernate ORM core version 5.4.25.Final
2021-01-14 14:30:51.737  INFO 2984 --- [restartedMain] o.hibernate.annotations.common.Version   : HCANN000001: Hibernate Commons Annotations {5.1.2.Final}
2021-01-14 14:30:51.806  INFO 2984 --- [restartedMain] com.zaxxer.hikari.HikariDataSource       : HikariPool-1 - Starting...
2021-01-14 14:30:52.157  INFO 2984 --- [restartedMain] com.zaxxer.hikari.HikariDataSource       : HikariPool-1 - Start completed.
2021-01-14 14:30:52.173  INFO 2984 --- [restartedMain] org.hibernate.dialect.Dialect            : HHH000400: Using dialect: org.hibernate.dialect.MySQL8Dialect
2021-01-14 14:30:52.322  INFO 2984 --- [restartedMain] o.h.e.t.j.p.i.JtaPlatformInitiator       : HHH000490: Using JtaPlatform implementation: [org.hibernate.engine.transaction.jta.platform.internal.NoJtaPlatform]
2021-01-14 14:30:52.330  INFO 2984 --- [restartedMain] j.LocalContainerEntityManagerFactoryBean : Initialized JPA EntityManagerFactory for persistence unit 'default'
2021-01-14 14:30:52.355  INFO 2984 --- [restartedMain] o.s.b.d.a.OptionalLiveReloadServer       : LiveReload server is running on port 35729
2021-01-14 14:30:52.387  WARN 2984 --- [restartedMain] JpaBaseConfiguration$JpaWebConfiguration : spring.jpa.open-in-view is enabled by default. Therefore, database queries may be performed during view rendering. Explicitly configure spring.jpa.open-in-view to disable this warning
2021-01-14 14:30:52.466  INFO 2984 --- [restartedMain] o.s.s.concurrent.ThreadPoolTaskExecutor  : Initializing ExecutorService 'applicationTaskExecutor'
2021-01-14 14:30:52.630  INFO 2984 --- [restartedMain] o.s.b.w.embedded.tomcat.TomcatWebServer  : Tomcat started on port(s): 8080 (http) with context path ''
2021-01-14 14:30:52.639  INFO 2984 --- [restartedMain] css.project.study.StudyApplication       : Started StudyApplication in 2.356 seconds (JVM running for 3.167)
2021-01-14 14:31:41.124  INFO 2984 --- [SpringContextShutdownHook] o.s.s.concurrent.ThreadPoolTaskExecutor  : Shutting down ExecutorService 'applicationTaskExecutor'
2021-01-14 14:31:41.125  INFO 2984 --- [SpringContextShutdownHook] j.LocalContainerEntityManagerFactoryBean : Closing JPA EntityManagerFactory for persistence unit 'default'
2021-01-14 14:31:41.127  INFO 2984 --- [SpringContextShutdownHook] com.zaxxer.hikari.HikariDataSource       : HikariPool-1 - Shutdown initiated...
2021-01-14 14:31:41.157  INFO 2984 --- [SpringContextShutdownHook] com.zaxxer.hikari.HikariDataSource       : HikariPool-1 - Shutdown completed.
2021-01-14 14:31:43.489  INFO 2990 --- [restartedMain] css.project.study.StudyApplication       : Starting StudyApplication using Java 11.0.9 on chadaeng.local with PID 2990 (/Users/chasungsoo/study/study/build/classes/java/main started by chasungsoo in /Users/chasungsoo/study/study)
2021-01-14 14:31:43.491  INFO 2990 --- [restartedMain] css.project.study.StudyApplication       : The following profiles are active: kor
2021-01-14 14:31:43.517  WARN 2990 --- [restartedMain] o.s.b.c.config.ConfigDataEnvironment     : Property 'spring.profiles' imported from location 'class path resource [application.yml]' is invalid and should be replaced with 'spring.config.activate.on-profile' [origin: class path resource [application.yml] - 30:13]
2021-01-14 14:31:43.518  WARN 2990 --- [restartedMain] o.s.b.c.config.ConfigDataEnvironment     : Property 'spring.profiles' imported from location 'class path resource [application.yml]' is invalid and should be replaced with 'spring.config.activate.on-profile' [origin: class path resource [application.yml] - 18:13]
2021-01-14 14:31:43.519  INFO 2990 --- [restartedMain] .e.DevToolsPropertyDefaultsPostProcessor : Devtools property defaults active! Set 'spring.devtools.add-properties' to 'false' to disable
2021-01-14 14:31:43.520  INFO 2990 --- [restartedMain] .e.DevToolsPropertyDefaultsPostProcessor : For additional web related logging consider setting the 'logging.level.web' property to 'DEBUG'
2021-01-14 14:31:43.889  INFO 2990 --- [restartedMain] .s.d.r.c.RepositoryConfigurationDelegate : Bootstrapping Spring Data JPA repositories in DEFAULT mode.
2021-01-14 14:31:43.897  INFO 2990 --- [restartedMain] .s.d.r.c.RepositoryConfigurationDelegate : Finished Spring Data repository scanning in 3 ms. Found 0 JPA repository interfaces.
2021-01-14 14:31:44.232  INFO 2990 --- [restartedMain] o.s.b.w.embedded.tomcat.TomcatWebServer  : Tomcat initialized with port(s): 9191 (http)
2021-01-14 14:31:44.238  INFO 2990 --- [restartedMain] o.apache.catalina.core.StandardService   : Starting service [Tomcat]
2021-01-14 14:31:44.238  INFO 2990 --- [restartedMain] org.apache.catalina.core.StandardEngine  : Starting Servlet engine: [Apache Tomcat/9.0.41]
2021-01-14 14:31:44.283  INFO 2990 --- [restartedMain] o.a.c.c.C.[Tomcat].[localhost].[/]       : Initializing Spring embedded WebApplicationContext
2021-01-14 14:31:44.283  INFO 2990 --- [restartedMain] w.s.c.ServletWebServerApplicationContext : Root WebApplicationContext: initialization completed in 763 ms
2021-01-14 14:31:44.397  INFO 2990 --- [restartedMain] o.hibernate.jpa.internal.util.LogHelper  : HHH000204: Processing PersistenceUnitInfo [name: default]
2021-01-14 14:31:44.423  INFO 2990 --- [restartedMain] org.hibernate.Version                    : HHH000412: Hibernate ORM core version 5.4.25.Final
2021-01-14 14:31:44.496  INFO 2990 --- [restartedMain] o.hibernate.annotations.common.Version   : HCANN000001: Hibernate Commons Annotations {5.1.2.Final}
2021-01-14 14:31:44.553  INFO 2990 --- [restartedMain] com.zaxxer.hikari.HikariDataSource       : HikariPool-1 - Starting...
2021-01-14 14:31:44.842  INFO 2990 --- [restartedMain] com.zaxxer.hikari.HikariDataSource       : HikariPool-1 - Start completed.
2021-01-14 14:31:44.853  INFO 2990 --- [restartedMain] org.hibernate.dialect.Dialect            : HHH000400: Using dialect: org.hibernate.dialect.MySQL8Dialect
2021-01-14 14:31:44.967  INFO 2990 --- [restartedMain] o.h.e.t.j.p.i.JtaPlatformInitiator       : HHH000490: Using JtaPlatform implementation: [org.hibernate.engine.transaction.jta.platform.internal.NoJtaPlatform]
2021-01-14 14:31:44.974  INFO 2990 --- [restartedMain] j.LocalContainerEntityManagerFactoryBean : Initialized JPA EntityManagerFactory for persistence unit 'default'
2021-01-14 14:31:44.997  INFO 2990 --- [restartedMain] o.s.b.d.a.OptionalLiveReloadServer       : LiveReload server is running on port 35729
2021-01-14 14:31:45.025  WARN 2990 --- [restartedMain] JpaBaseConfiguration$JpaWebConfiguration : spring.jpa.open-in-view is enabled by default. Therefore, database queries may be performed during view rendering. Explicitly configure spring.jpa.open-in-view to disable this warning
2021-01-14 14:31:45.098  INFO 2990 --- [restartedMain] o.s.s.concurrent.ThreadPoolTaskExecutor  : Initializing ExecutorService 'applicationTaskExecutor'
2021-01-14 14:31:45.242  INFO 2990 --- [restartedMain] o.s.b.w.embedded.tomcat.TomcatWebServer  : Tomcat started on port(s): 9191 (http) with context path ''
2021-01-14 14:31:45.251  INFO 2990 --- [restartedMain] css.project.study.StudyApplication       : Started StudyApplication in 2.025 seconds (JVM running for 2.497)
2021-01-14 14:32:16.126  INFO 2990 --- [SpringContextShutdownHook] o.s.s.concurrent.ThreadPoolTaskExecutor  : Shutting down ExecutorService 'applicationTaskExecutor'
2021-01-14 14:32:16.126  INFO 2990 --- [SpringContextShutdownHook] j.LocalContainerEntityManagerFactoryBean : Closing JPA EntityManagerFactory for persistence unit 'default'
2021-01-14 14:32:16.129  INFO 2990 --- [SpringContextShutdownHook] com.zaxxer.hikari.HikariDataSource       : HikariPool-1 - Shutdown initiated...
2021-01-14 14:32:16.161  INFO 2990 --- [SpringContextShutdownHook] com.zaxxer.hikari.HikariDataSource       : HikariPool-1 - Shutdown completed.
2021-01-14 14:32:18.406  WARN 2993 --- [restartedMain] o.s.b.c.config.ConfigDataEnvironment     : Property 'spring.profiles' imported from location 'class path resource [application.yml]' is invalid and should be replaced with 'spring.config.activate.on-profile' [origin: class path resource [application.yml] - 30:13]
2021-01-14 14:32:18.408  WARN 2993 --- [restartedMain] o.s.b.c.config.ConfigDataEnvironment     : Property 'spring.profiles' imported from location 'class path resource [application.yml]' is invalid and should be replaced with 'spring.config.activate.on-profile' [origin: class path resource [application.yml] - 18:13]
2021-01-14 14:32:19.909  WARN 2993 --- [restartedMain] JpaBaseConfiguration$JpaWebConfiguration : spring.jpa.open-in-view is enabled by default. Therefore, database queries may be performed during view rendering. Explicitly configure spring.jpa.open-in-view to disable this warning
